// Jest Snapshot v1, https://goo.gl/fbAQLP

exports[`<NewsTileGroup>  should test the NewsTileGroup Snapshot 1`] = `undefined`;
