// Jest Snapshot v1, https://goo.gl/fbAQLP

exports[`<Paragraph>  should test the NewsTile Snapshot 1`] = `
<text
  className="sc-EHOje cUVptH"
>
  <p
    className="sc-ifAKCX hSPtPb"
  />
</text>
`;
