// Jest Snapshot v1, https://goo.gl/fbAQLP

exports[`<AppContextProvider>  should test the AppContextProvider HOC 1`] = `
<div>
  test
</div>
`;
