// Jest Snapshot v1, https://goo.gl/fbAQLP

exports[`<LandingPage>  should test the LandingPage Snapshot 1`] = `
<div>
  <p>
    Loading ...
  </p>
</div>
`;
