// Jest Snapshot v1, https://goo.gl/fbAQLP

exports[`<Apollo>  should test the Apollo HOC 1`] = `
<div>
  test
</div>
`;
